// Jest Snapshot v1, https://goo.gl/fbAQLP

exports[`Card component should render Card 1`] = `
<View
  style={
    [
      {
        "alignItems": "center",
        "borderRadius": 16,
        "marginTop": 32,
      },
      {
        "shadowColor": "#52006A",
        "shadowOffset": {
          "height": 4,
          "width": -2,
        },
        "shadowOpacity": 0.2,
        "shadowRadius": 3,
      },
    ]
  }
  testID="container"
>
  <Image
    source={
      {
        "uri": "",
      }
    }
    style={
      [
        {
          "borderRadius": 16,
          "height": 733.7,
          "position": "relative",
          "width": 675,
        },
      ]
    }
  />
  <View
    style={
      {
        "backgroundColor": "white",
        "borderTopLeftRadius": 16,
        "borderTopRightRadius": 16,
        "bottom": 0,
        "display": "flex",
        "flexDirection": "column",
        "paddingHorizontal": 15,
        "paddingVertical": 10,
        "position": "absolute",
        "width": "90%",
      }
    }
  >
    <View
      style={
        {
          "display": "flex",
          "flexDirection": "row",
          "justifyContent": "space-between",
          "marginBottom": 5,
        }
      }
    >
      <Text
        style={
          {
            "color": "#434141",
            "fontSize": 16,
            "fontWeight": "700",
          }
        }
        testID="name"
      >
        test
      </Text>
      <Text
        style={
          {
            "color": "#434141",
            "fontSize": 16,
            "fontWeight": "700",
          }
        }
        testID="life_span"
      >
        15-16
      </Text>
    </View>
    <Text
      style={
        {
          "color": "#BFBFC0",
          "fontSize": 8,
          "fontWeight": "700",
          "lineHeight": 10,
        }
      }
      testID="origin"
    >
      Portugal
    </Text>
  </View>
</View>
`;
