// Jest Snapshot v1, https://goo.gl/fbAQLP

exports[`Button Icon Component  should render Button Icon 1`] = `
<View
  accessibilityState={
    {
      "busy": undefined,
      "checked": undefined,
      "disabled": undefined,
      "expanded": undefined,
      "selected": undefined,
    }
  }
  accessibilityValue={
    {
      "max": undefined,
      "min": undefined,
      "now": undefined,
      "text": undefined,
    }
  }
  accessible={true}
  collapsable={false}
  focusable={true}
  onClick={[Function]}
  onResponderGrant={[Function]}
  onResponderMove={[Function]}
  onResponderRelease={[Function]}
  onResponderTerminate={[Function]}
  onResponderTerminationRequest={[Function]}
  onStartShouldSetResponder={[Function]}
  style={
    {
      "alignItems": "center",
      "backgroundColor": "white",
      "borderRadius": 32,
      "display": "flex",
      "height": 54,
      "justifyContent": "center",
      "opacity": 1,
      "shadowColor": "#52006A",
      "shadowOffset": {
        "height": 4,
        "width": -2,
      },
      "shadowOpacity": 0.3,
      "shadowRadius": 2,
      "width": 54,
    }
  }
  testID="button-icon"
/>
`;
