// Jest Snapshot v1, https://goo.gl/fbAQLP

exports[`Button Toggle Component  should render Button Icon 1`] = `
<View
  style={
    {
      "alignItems": "center",
      "backgroundColor": "#E3E3E4",
      "borderRadius": 28,
      "display": "flex",
      "flexDirection": "row",
      "height": 28,
      "justifyContent": "flex-start",
      "margin": 20,
      "padding": 2,
      "width": 84,
    }
  }
>
  <View
    accessibilityState={
      {
        "busy": undefined,
        "checked": undefined,
        "disabled": undefined,
        "expanded": undefined,
        "selected": undefined,
      }
    }
    accessibilityValue={
      {
        "max": undefined,
        "min": undefined,
        "now": undefined,
        "text": undefined,
      }
    }
    accessible={true}
    collapsable={false}
    focusable={true}
    onClick={[Function]}
    onResponderGrant={[Function]}
    onResponderMove={[Function]}
    onResponderRelease={[Function]}
    onResponderTerminate={[Function]}
    onResponderTerminationRequest={[Function]}
    onStartShouldSetResponder={[Function]}
    style={
      {
        "alignItems": "center",
        "backgroundColor": "white",
        "borderRadius": 15,
        "display": "flex",
        "height": 24,
        "justifyContent": "center",
        "opacity": 1,
        "paddingHorizontal": 12,
        "paddingVertical": 4,
        "width": 40,
      }
    }
    testID="button-toggle"
  />
</View>
`;
